// Jest Snapshot v1, https://goo.gl/fbAQLP

exports[`<SearchBox /> renders the <SearchBox /> component 1`] = `ShallowWrapper {}`;
