// Jest Snapshot v1, https://goo.gl/fbAQLP

exports[`<Loader /> renders the <Loader /> component 1`] = `ShallowWrapper {}`;
