// Jest Snapshot v1, https://goo.gl/fbAQLP

exports[`<FormContainer /> renders the <FormContainer /> component with children 1`] = `ShallowWrapper {}`;
